NODELIST=gammagpu11
MASTER_ADDR=gammagpu11
Traceback (most recent call last):
  File "/fs/nexus-scratch/sjxu/miniconda3/envs/svd_control/bin/accelerate", line 8, in <module>
    sys.exit(main())
  File "/fs/nexus-scratch/sjxu/miniconda3/envs/svd_control/lib/python3.9/site-packages/accelerate/commands/accelerate_cli.py", line 48, in main
Traceback (most recent call last):
  File "/fs/nexus-scratch/sjxu/miniconda3/envs/svd_control/bin/accelerate", line 8, in <module>
    sys.exit(main())
  File "/fs/nexus-scratch/sjxu/miniconda3/envs/svd_control/lib/python3.9/site-packages/accelerate/commands/accelerate_cli.py", line 48, in main
    args.func(args)
  File "/fs/nexus-scratch/sjxu/miniconda3/envs/svd_control/lib/python3.9/site-packages/accelerate/commands/launch.py", line 1097, in launch_command
    args.func(args)
  File "/fs/nexus-scratch/sjxu/miniconda3/envs/svd_control/lib/python3.9/site-packages/accelerate/commands/launch.py", line 1097, in launch_command
    multi_gpu_launcher(args)
  File "/fs/nexus-scratch/sjxu/miniconda3/envs/svd_control/lib/python3.9/site-packages/accelerate/commands/launch.py", line 734, in multi_gpu_launcher
    multi_gpu_launcher(args)
  File "/fs/nexus-scratch/sjxu/miniconda3/envs/svd_control/lib/python3.9/site-packages/accelerate/commands/launch.py", line 734, in multi_gpu_launcher
    distrib_run.run(args)
  File "/fs/nexus-scratch/sjxu/miniconda3/envs/svd_control/lib/python3.9/site-packages/torch/distributed/run.py", line 892, in run
    distrib_run.run(args)
  File "/fs/nexus-scratch/sjxu/miniconda3/envs/svd_control/lib/python3.9/site-packages/torch/distributed/run.py", line 892, in run
    elastic_launch(
  File "/fs/nexus-scratch/sjxu/miniconda3/envs/svd_control/lib/python3.9/site-packages/torch/distributed/launcher/api.py", line 133, in __call__
    return launch_agent(self._config, self._entrypoint, list(args))
  File "/fs/nexus-scratch/sjxu/miniconda3/envs/svd_control/lib/python3.9/site-packages/torch/distributed/launcher/api.py", line 255, in launch_agent
    elastic_launch(
  File "/fs/nexus-scratch/sjxu/miniconda3/envs/svd_control/lib/python3.9/site-packages/torch/distributed/launcher/api.py", line 133, in __call__
    return launch_agent(self._config, self._entrypoint, list(args))
  File "/fs/nexus-scratch/sjxu/miniconda3/envs/svd_control/lib/python3.9/site-packages/torch/distributed/launcher/api.py", line 255, in launch_agent
    result = agent.run()
  File "/fs/nexus-scratch/sjxu/miniconda3/envs/svd_control/lib/python3.9/site-packages/torch/distributed/elastic/metrics/api.py", line 124, in wrapper
    result = agent.run()
  File "/fs/nexus-scratch/sjxu/miniconda3/envs/svd_control/lib/python3.9/site-packages/torch/distributed/elastic/metrics/api.py", line 124, in wrapper
    result = f(*args, **kwargs)
  File "/fs/nexus-scratch/sjxu/miniconda3/envs/svd_control/lib/python3.9/site-packages/torch/distributed/elastic/agent/server/api.py", line 680, in run
    result = self._invoke_run(role)
  File "/fs/nexus-scratch/sjxu/miniconda3/envs/svd_control/lib/python3.9/site-packages/torch/distributed/elastic/agent/server/api.py", line 829, in _invoke_run
    result = f(*args, **kwargs)
  File "/fs/nexus-scratch/sjxu/miniconda3/envs/svd_control/lib/python3.9/site-packages/torch/distributed/elastic/agent/server/api.py", line 680, in run
    result = self._invoke_run(role)
  File "/fs/nexus-scratch/sjxu/miniconda3/envs/svd_control/lib/python3.9/site-packages/torch/distributed/elastic/agent/server/api.py", line 829, in _invoke_run
    self._initialize_workers(self._worker_group)
  File "/fs/nexus-scratch/sjxu/miniconda3/envs/svd_control/lib/python3.9/site-packages/torch/distributed/elastic/metrics/api.py", line 124, in wrapper
    self._initialize_workers(self._worker_group)
  File "/fs/nexus-scratch/sjxu/miniconda3/envs/svd_control/lib/python3.9/site-packages/torch/distributed/elastic/metrics/api.py", line 124, in wrapper
    result = f(*args, **kwargs)
  File "/fs/nexus-scratch/sjxu/miniconda3/envs/svd_control/lib/python3.9/site-packages/torch/distributed/elastic/agent/server/api.py", line 652, in _initialize_workers
    result = f(*args, **kwargs)
  File "/fs/nexus-scratch/sjxu/miniconda3/envs/svd_control/lib/python3.9/site-packages/torch/distributed/elastic/agent/server/api.py", line 652, in _initialize_workers
    self._rendezvous(worker_group)
  File "/fs/nexus-scratch/sjxu/miniconda3/envs/svd_control/lib/python3.9/site-packages/torch/distributed/elastic/metrics/api.py", line 124, in wrapper
    self._rendezvous(worker_group)
  File "/fs/nexus-scratch/sjxu/miniconda3/envs/svd_control/lib/python3.9/site-packages/torch/distributed/elastic/metrics/api.py", line 124, in wrapper
    result = f(*args, **kwargs)
  File "/fs/nexus-scratch/sjxu/miniconda3/envs/svd_control/lib/python3.9/site-packages/torch/distributed/elastic/agent/server/api.py", line 489, in _rendezvous
    result = f(*args, **kwargs)
  File "/fs/nexus-scratch/sjxu/miniconda3/envs/svd_control/lib/python3.9/site-packages/torch/distributed/elastic/agent/server/api.py", line 489, in _rendezvous
    rdzv_info = spec.rdzv_handler.next_rendezvous()
  File "/fs/nexus-scratch/sjxu/miniconda3/envs/svd_control/lib/python3.9/site-packages/torch/distributed/elastic/rendezvous/static_tcp_rendezvous.py", line 66, in next_rendezvous
    rdzv_info = spec.rdzv_handler.next_rendezvous()
  File "/fs/nexus-scratch/sjxu/miniconda3/envs/svd_control/lib/python3.9/site-packages/torch/distributed/elastic/rendezvous/static_tcp_rendezvous.py", line 66, in next_rendezvous
    self._store = TCPStore(  # type: ignore[call-arg]
RuntimeError: The server socket has failed to listen on any local network address. useIpv6: 0, code: -98, name: EADDRINUSE, message: address already in use
Traceback (most recent call last):
  File "/fs/nexus-scratch/sjxu/miniconda3/envs/svd_control/bin/accelerate", line 8, in <module>
    sys.exit(main())
  File "/fs/nexus-scratch/sjxu/miniconda3/envs/svd_control/lib/python3.9/site-packages/accelerate/commands/accelerate_cli.py", line 48, in main
    args.func(args)
  File "/fs/nexus-scratch/sjxu/miniconda3/envs/svd_control/lib/python3.9/site-packages/accelerate/commands/launch.py", line 1097, in launch_command
    multi_gpu_launcher(args)
  File "/fs/nexus-scratch/sjxu/miniconda3/envs/svd_control/lib/python3.9/site-packages/accelerate/commands/launch.py", line 734, in multi_gpu_launcher
    distrib_run.run(args)
  File "/fs/nexus-scratch/sjxu/miniconda3/envs/svd_control/lib/python3.9/site-packages/torch/distributed/run.py", line 892, in run
    elastic_launch(
  File "/fs/nexus-scratch/sjxu/miniconda3/envs/svd_control/lib/python3.9/site-packages/torch/distributed/launcher/api.py", line 133, in __call__
    return launch_agent(self._config, self._entrypoint, list(args))
  File "/fs/nexus-scratch/sjxu/miniconda3/envs/svd_control/lib/python3.9/site-packages/torch/distributed/launcher/api.py", line 255, in launch_agent
    result = agent.run()
  File "/fs/nexus-scratch/sjxu/miniconda3/envs/svd_control/lib/python3.9/site-packages/torch/distributed/elastic/metrics/api.py", line 124, in wrapper
    result = f(*args, **kwargs)
  File "/fs/nexus-scratch/sjxu/miniconda3/envs/svd_control/lib/python3.9/site-packages/torch/distributed/elastic/agent/server/api.py", line 680, in run
    result = self._invoke_run(role)
  File "/fs/nexus-scratch/sjxu/miniconda3/envs/svd_control/lib/python3.9/site-packages/torch/distributed/elastic/agent/server/api.py", line 829, in _invoke_run
    self._initialize_workers(self._worker_group)
  File "/fs/nexus-scratch/sjxu/miniconda3/envs/svd_control/lib/python3.9/site-packages/torch/distributed/elastic/metrics/api.py", line 124, in wrapper
    result = f(*args, **kwargs)
  File "/fs/nexus-scratch/sjxu/miniconda3/envs/svd_control/lib/python3.9/site-packages/torch/distributed/elastic/agent/server/api.py", line 652, in _initialize_workers
    self._rendezvous(worker_group)
  File "/fs/nexus-scratch/sjxu/miniconda3/envs/svd_control/lib/python3.9/site-packages/torch/distributed/elastic/metrics/api.py", line 124, in wrapper
    result = f(*args, **kwargs)
  File "/fs/nexus-scratch/sjxu/miniconda3/envs/svd_control/lib/python3.9/site-packages/torch/distributed/elastic/agent/server/api.py", line 489, in _rendezvous
    rdzv_info = spec.rdzv_handler.next_rendezvous()
  File "/fs/nexus-scratch/sjxu/miniconda3/envs/svd_control/lib/python3.9/site-packages/torch/distributed/elastic/rendezvous/static_tcp_rendezvous.py", line 66, in next_rendezvous
    self._store = TCPStore(  # type: ignore[call-arg]
RuntimeError: The server socket has failed to listen on any local network address. useIpv6: 0, code: -98, name: EADDRINUSE, message: address already in use
    self._store = TCPStore(  # type: ignore[call-arg]
RuntimeError: The server socket has failed to listen on any local network address. useIpv6: 0, code: -98, name: EADDRINUSE, message: address already in use
srun: error: gammagpu11: tasks 1-3: Exited with exit code 1
WARNING:accelerate.utils.other:Detected kernel version 4.18.0, which is below the recommended minimum of 5.5.0; this can cause the process to hang. It is recommended to upgrade the kernel to the minimum version or higher.
wandb: Currently logged in as: sjxu (sjxu_gamma). Use `wandb login --relogin` to force relogin
wandb: Currently logged in as: sjxu (sjxu_gamma). Use `wandb login --relogin` to force relogin
wandb: Currently logged in as: sjxu (sjxu_gamma). Use `wandb login --relogin` to force relogin
wandb: Currently logged in as: sjxu (sjxu_gamma). Use `wandb login --relogin` to force relogin
wandb: Appending key for api.wandb.ai to your netrc file: /fs/nexus-scratch/sjxu/.netrc
wandb: Appending key for api.wandb.ai to your netrc file: /fs/nexus-scratch/sjxu/.netrc
wandb: Appending key for api.wandb.ai to your netrc file: /fs/nexus-scratch/sjxu/.netrc
wandb: Appending key for api.wandb.ai to your netrc file: /fs/nexus-scratch/sjxu/.netrc
INFO:__main__:Distributed environment: MULTI_GPU  Backend: nccl
Num processes: 4
Process index: 2
Local process index: 2
Device: cuda:2

Mixed precision type: fp16

INFO:__main__:Distributed environment: MULTI_GPU  Backend: nccl
Num processes: 4
Process index: 0
Local process index: 0
Device: cuda:0

Mixed precision type: fp16

INFO:__main__:Distributed environment: MULTI_GPU  Backend: nccl
Num processes: 4
Process index: 1
Local process index: 1
Device: cuda:1

Mixed precision type: fp16

INFO:__main__:Distributed environment: MULTI_GPU  Backend: nccl
Num processes: 4
Process index: 3
Local process index: 3
Device: cuda:3

Mixed precision type: fp16

{'rescale_betas_zero_snr', 'final_sigmas_type'} was not found in config. Values will be initialized to default values.
prediction_type: v_prediction
prediction_type: v_prediction
prediction_type: v_prediction
prediction_type: v_prediction
Setting up [LPIPS] perceptual loss: trunk [alex], v[0.1], spatial [off]
Setting up [LPIPS] perceptual loss: trunk [alex], v[0.1], spatial [off]
Setting up [LPIPS] perceptual loss: trunk [alex], v[0.1], spatial [off]
Setting up [LPIPS] perceptual loss: trunk [alex], v[0.1], spatial [off]
/fs/nexus-scratch/sjxu/miniconda3/envs/svd_control/lib/python3.9/site-packages/torchvision/models/_utils.py:208: UserWarning: The parameter 'pretrained' is deprecated since 0.13 and may be removed in the future, please use 'weights' instead.
  warnings.warn(
/fs/nexus-scratch/sjxu/miniconda3/envs/svd_control/lib/python3.9/site-packages/torchvision/models/_utils.py:208: UserWarning: The parameter 'pretrained' is deprecated since 0.13 and may be removed in the future, please use 'weights' instead.
  warnings.warn(
/fs/nexus-scratch/sjxu/miniconda3/envs/svd_control/lib/python3.9/site-packages/torchvision/models/_utils.py:208: UserWarning: The parameter 'pretrained' is deprecated since 0.13 and may be removed in the future, please use 'weights' instead.
  warnings.warn(
/fs/nexus-scratch/sjxu/miniconda3/envs/svd_control/lib/python3.9/site-packages/torchvision/models/_utils.py:208: UserWarning: The parameter 'pretrained' is deprecated since 0.13 and may be removed in the future, please use 'weights' instead.
  warnings.warn(
/fs/nexus-scratch/sjxu/miniconda3/envs/svd_control/lib/python3.9/site-packages/torchvision/models/_utils.py:223: UserWarning: Arguments other than a weight enum or `None` for 'weights' are deprecated since 0.13 and may be removed in the future. The current behavior is equivalent to passing `weights=AlexNet_Weights.IMAGENET1K_V1`. You can also use `weights=AlexNet_Weights.DEFAULT` to get the most up-to-date weights.
  warnings.warn(msg)
/fs/nexus-scratch/sjxu/miniconda3/envs/svd_control/lib/python3.9/site-packages/torchvision/models/_utils.py:223: UserWarning: Arguments other than a weight enum or `None` for 'weights' are deprecated since 0.13 and may be removed in the future. The current behavior is equivalent to passing `weights=AlexNet_Weights.IMAGENET1K_V1`. You can also use `weights=AlexNet_Weights.DEFAULT` to get the most up-to-date weights.
  warnings.warn(msg)
/fs/nexus-scratch/sjxu/miniconda3/envs/svd_control/lib/python3.9/site-packages/torchvision/models/_utils.py:223: UserWarning: Arguments other than a weight enum or `None` for 'weights' are deprecated since 0.13 and may be removed in the future. The current behavior is equivalent to passing `weights=AlexNet_Weights.IMAGENET1K_V1`. You can also use `weights=AlexNet_Weights.DEFAULT` to get the most up-to-date weights.
  warnings.warn(msg)
/fs/nexus-scratch/sjxu/miniconda3/envs/svd_control/lib/python3.9/site-packages/torchvision/models/_utils.py:223: UserWarning: Arguments other than a weight enum or `None` for 'weights' are deprecated since 0.13 and may be removed in the future. The current behavior is equivalent to passing `weights=AlexNet_Weights.IMAGENET1K_V1`. You can also use `weights=AlexNet_Weights.DEFAULT` to get the most up-to-date weights.
  warnings.warn(msg)
Loading model from: /fs/nexus-scratch/sjxu/miniconda3/envs/svd_control/lib/python3.9/site-packages/lpips/weights/v0.1/alex.pth
Loading model from: /fs/nexus-scratch/sjxu/miniconda3/envs/svd_control/lib/python3.9/site-packages/lpips/weights/v0.1/alex.pth
Loading model from: /fs/nexus-scratch/sjxu/miniconda3/envs/svd_control/lib/python3.9/site-packages/lpips/weights/v0.1/alex.pth
Loading model from: /fs/nexus-scratch/sjxu/miniconda3/envs/svd_control/lib/python3.9/site-packages/lpips/weights/v0.1/alex.pth
INFO:__main__:Loading existing controlnet weights
layers per block islayers per block islayers per block is  22 

2
layers per block is 2
{'act_fn'} was not found in config. Values will be initialized to default values.
Some weights of the model checkpoint were not used when initializing ControlNetSDVModel: 
 ['time_embedding.cond_proj.weight']
modify_layers in progress: torch.Size([6, 1, 16])
modify_layers in progress: 16 320
modify_layers in progress: torch.Size([6, 1, 16])
modify_layers in progress: 16 320
modify_layers in progress: torch.Size([6, 1, 16])
modify_layers in progress: 16 320
modify_layers in progress: torch.Size([6, 1, 16])
modify_layers in progress: 16 320
data scale: 5910
length 5910
sample size (512, 512)
data scale: 5910
length 5910
sample size (512, 512)
data scale: 5910
length 5910
sample size (512, 512)
data scale: 5910
length 5910
sample size (512, 512)
gammagpu11:1852261:1852261 [0] NCCL INFO Bootstrap : Using bond0:192.168.44.22<0>
gammagpu11:1852261:1852261 [0] NCCL INFO NET/Plugin : dlerror=libnccl-net.so: cannot open shared object file: No such file or directory No plugin found (libnccl-net.so), using internal implementation
gammagpu11:1852261:1852261 [0] NCCL INFO cudaDriverVersion 12040
NCCL version 2.20.5+cuda12.4
gammagpu11:1852262:1852262 [1] NCCL INFO cudaDriverVersion 12040
gammagpu11:1852262:1852262 [1] NCCL INFO Bootstrap : Using bond0:192.168.44.22<0>
gammagpu11:1852262:1852262 [1] NCCL INFO NET/Plugin : dlerror=libnccl-net.so: cannot open shared object file: No such file or directory No plugin found (libnccl-net.so), using internal implementation
gammagpu11:1852263:1852263 [2] NCCL INFO cudaDriverVersion 12040
gammagpu11:1852263:1852263 [2] NCCL INFO Bootstrap : Using bond0:192.168.44.22<0>
gammagpu11:1852263:1852263 [2] NCCL INFO NET/Plugin : dlerror=libnccl-net.so: cannot open shared object file: No such file or directory No plugin found (libnccl-net.so), using internal implementation
gammagpu11:1852264:1852264 [3] NCCL INFO cudaDriverVersion 12040
gammagpu11:1852264:1852264 [3] NCCL INFO Bootstrap : Using bond0:192.168.44.22<0>
gammagpu11:1852264:1852264 [3] NCCL INFO NET/Plugin : dlerror=libnccl-net.so: cannot open shared object file: No such file or directory No plugin found (libnccl-net.so), using internal implementation
gammagpu11:1852262:1852391 [1] NCCL INFO NCCL_IB_DISABLE set by environment to 1.
gammagpu11:1852262:1852391 [1] NCCL INFO NET/Socket : Using [0]bond0:192.168.44.22<0> [1]virbr0:192.168.122.1<0> [2]enp67s0f3u2u3c2:fe80::2c48:4bff:fe0d:ac77%enp67s0f3u2u3c2<0>
gammagpu11:1852262:1852391 [1] NCCL INFO Using non-device net plugin version 0
gammagpu11:1852262:1852391 [1] NCCL INFO Using network Socket
gammagpu11:1852263:1852392 [2] NCCL INFO NCCL_IB_DISABLE set by environment to 1.
gammagpu11:1852263:1852392 [2] NCCL INFO NET/Socket : Using [0]bond0:192.168.44.22<0> [1]virbr0:192.168.122.1<0> [2]enp67s0f3u2u3c2:fe80::2c48:4bff:fe0d:ac77%enp67s0f3u2u3c2<0>
gammagpu11:1852263:1852392 [2] NCCL INFO Using non-device net plugin version 0
gammagpu11:1852263:1852392 [2] NCCL INFO Using network Socket
gammagpu11:1852261:1852390 [0] NCCL INFO NCCL_IB_DISABLE set by environment to 1.
gammagpu11:1852261:1852390 [0] NCCL INFO NET/Socket : Using [0]bond0:192.168.44.22<0> [1]virbr0:192.168.122.1<0> [2]enp67s0f3u2u3c2:fe80::2c48:4bff:fe0d:ac77%enp67s0f3u2u3c2<0>
gammagpu11:1852261:1852390 [0] NCCL INFO Using non-device net plugin version 0
gammagpu11:1852261:1852390 [0] NCCL INFO Using network Socket
gammagpu11:1852264:1852393 [3] NCCL INFO NCCL_IB_DISABLE set by environment to 1.
gammagpu11:1852264:1852393 [3] NCCL INFO NET/Socket : Using [0]bond0:192.168.44.22<0> [1]virbr0:192.168.122.1<0> [2]enp67s0f3u2u3c2:fe80::2c48:4bff:fe0d:ac77%enp67s0f3u2u3c2<0>
gammagpu11:1852264:1852393 [3] NCCL INFO Using non-device net plugin version 0
gammagpu11:1852264:1852393 [3] NCCL INFO Using network Socket
gammagpu11:1852264:1852393 [3] NCCL INFO comm 0x55e1d446d780 rank 3 nranks 4 cudaDev 3 nvmlDev 3 busId c1000 commId 0x8597639696a2296 - Init START
gammagpu11:1852261:1852390 [0] NCCL INFO comm 0x55f743292e00 rank 0 nranks 4 cudaDev 0 nvmlDev 0 busId 1000 commId 0x8597639696a2296 - Init START
gammagpu11:1852263:1852392 [2] NCCL INFO comm 0x558b0c0ca400 rank 2 nranks 4 cudaDev 2 nvmlDev 2 busId 81000 commId 0x8597639696a2296 - Init START
gammagpu11:1852262:1852391 [1] NCCL INFO comm 0x55db09baad00 rank 1 nranks 4 cudaDev 1 nvmlDev 1 busId 41000 commId 0x8597639696a2296 - Init START
gammagpu11:1852263:1852392 [2] NCCL INFO NVLS multicast support is not available on dev 2
gammagpu11:1852264:1852393 [3] NCCL INFO NVLS multicast support is not available on dev 3
gammagpu11:1852261:1852390 [0] NCCL INFO NVLS multicast support is not available on dev 0
gammagpu11:1852262:1852391 [1] NCCL INFO NVLS multicast support is not available on dev 1
gammagpu11:1852261:1852390 [0] NCCL INFO comm 0x55f743292e00 rank 0 nRanks 4 nNodes 1 localRanks 4 localRank 0 MNNVL 0
gammagpu11:1852262:1852391 [1] NCCL INFO comm 0x55db09baad00 rank 1 nRanks 4 nNodes 1 localRanks 4 localRank 1 MNNVL 0
gammagpu11:1852264:1852393 [3] NCCL INFO comm 0x55e1d446d780 rank 3 nRanks 4 nNodes 1 localRanks 4 localRank 3 MNNVL 0
gammagpu11:1852263:1852392 [2] NCCL INFO comm 0x558b0c0ca400 rank 2 nRanks 4 nNodes 1 localRanks 4 localRank 2 MNNVL 0
gammagpu11:1852261:1852390 [0] NCCL INFO Channel 00/04 :    0   1   2   3
gammagpu11:1852261:1852390 [0] NCCL INFO Channel 01/04 :    0   1   2   3
gammagpu11:1852261:1852390 [0] NCCL INFO Channel 02/04 :    0   1   2   3
gammagpu11:1852262:1852391 [1] NCCL INFO Trees [0] 2/-1/-1->1->0 [1] 2/-1/-1->1->0 [2] 2/-1/-1->1->0 [3] 2/-1/-1->1->0
gammagpu11:1852261:1852390 [0] NCCL INFO Channel 03/04 :    0   1   2   3
gammagpu11:1852262:1852391 [1] NCCL INFO P2P Chunksize set to 131072
gammagpu11:1852264:1852393 [3] NCCL INFO Trees [0] -1/-1/-1->3->2 [1] -1/-1/-1->3->2 [2] -1/-1/-1->3->2 [3] -1/-1/-1->3->2
gammagpu11:1852261:1852390 [0] NCCL INFO Trees [0] 1/-1/-1->0->-1 [1] 1/-1/-1->0->-1 [2] 1/-1/-1->0->-1 [3] 1/-1/-1->0->-1
gammagpu11:1852263:1852392 [2] NCCL INFO Trees [0] 3/-1/-1->2->1 [1] 3/-1/-1->2->1 [2] 3/-1/-1->2->1 [3] 3/-1/-1->2->1
gammagpu11:1852264:1852393 [3] NCCL INFO P2P Chunksize set to 131072
gammagpu11:1852261:1852390 [0] NCCL INFO P2P Chunksize set to 131072
gammagpu11:1852263:1852392 [2] NCCL INFO P2P Chunksize set to 131072
gammagpu11:1852262:1852391 [1] NCCL INFO Channel 00/0 : 1[1] -> 2[2] via P2P/CUMEM
gammagpu11:1852264:1852393 [3] NCCL INFO Channel 00/0 : 3[3] -> 0[0] via P2P/CUMEM
gammagpu11:1852261:1852390 [0] NCCL INFO Channel 00/0 : 0[0] -> 1[1] via P2P/CUMEM
gammagpu11:1852263:1852392 [2] NCCL INFO Channel 00/0 : 2[2] -> 3[3] via P2P/CUMEM
gammagpu11:1852261:1852390 [0] NCCL INFO Channel 01/0 : 0[0] -> 1[1] via P2P/CUMEM
gammagpu11:1852262:1852391 [1] NCCL INFO Channel 01/0 : 1[1] -> 2[2] via P2P/CUMEM
gammagpu11:1852264:1852393 [3] NCCL INFO Channel 01/0 : 3[3] -> 0[0] via P2P/CUMEM
gammagpu11:1852263:1852392 [2] NCCL INFO Channel 01/0 : 2[2] -> 3[3] via P2P/CUMEM
gammagpu11:1852261:1852390 [0] NCCL INFO Channel 02/0 : 0[0] -> 1[1] via P2P/CUMEM
gammagpu11:1852264:1852393 [3] NCCL INFO Channel 02/0 : 3[3] -> 0[0] via P2P/CUMEM
gammagpu11:1852263:1852392 [2] NCCL INFO Channel 02/0 : 2[2] -> 3[3] via P2P/CUMEM
gammagpu11:1852262:1852391 [1] NCCL INFO Channel 02/0 : 1[1] -> 2[2] via P2P/CUMEM
gammagpu11:1852264:1852393 [3] NCCL INFO Channel 03/0 : 3[3] -> 0[0] via P2P/CUMEM
gammagpu11:1852263:1852392 [2] NCCL INFO Channel 03/0 : 2[2] -> 3[3] via P2P/CUMEM
gammagpu11:1852262:1852391 [1] NCCL INFO Channel 03/0 : 1[1] -> 2[2] via P2P/CUMEM
gammagpu11:1852261:1852390 [0] NCCL INFO Channel 03/0 : 0[0] -> 1[1] via P2P/CUMEM
gammagpu11:1852263:1852392 [2] NCCL INFO Connected all rings
gammagpu11:1852262:1852391 [1] NCCL INFO Connected all rings
gammagpu11:1852264:1852393 [3] NCCL INFO Connected all rings
gammagpu11:1852264:1852393 [3] NCCL INFO Channel 00/0 : 3[3] -> 2[2] via P2P/CUMEM
gammagpu11:1852261:1852390 [0] NCCL INFO Connected all rings
gammagpu11:1852264:1852393 [3] NCCL INFO Channel 01/0 : 3[3] -> 2[2] via P2P/CUMEM
gammagpu11:1852264:1852393 [3] NCCL INFO Channel 02/0 : 3[3] -> 2[2] via P2P/CUMEM
gammagpu11:1852264:1852393 [3] NCCL INFO Channel 03/0 : 3[3] -> 2[2] via P2P/CUMEM
gammagpu11:1852263:1852392 [2] NCCL INFO Channel 00/0 : 2[2] -> 1[1] via P2P/CUMEM
gammagpu11:1852262:1852391 [1] NCCL INFO Channel 00/0 : 1[1] -> 0[0] via P2P/CUMEM
gammagpu11:1852263:1852392 [2] NCCL INFO Channel 01/0 : 2[2] -> 1[1] via P2P/CUMEM
gammagpu11:1852262:1852391 [1] NCCL INFO Channel 01/0 : 1[1] -> 0[0] via P2P/CUMEM
gammagpu11:1852263:1852392 [2] NCCL INFO Channel 02/0 : 2[2] -> 1[1] via P2P/CUMEM
gammagpu11:1852262:1852391 [1] NCCL INFO Channel 02/0 : 1[1] -> 0[0] via P2P/CUMEM
gammagpu11:1852263:1852392 [2] NCCL INFO Channel 03/0 : 2[2] -> 1[1] via P2P/CUMEM
gammagpu11:1852262:1852391 [1] NCCL INFO Channel 03/0 : 1[1] -> 0[0] via P2P/CUMEM
gammagpu11:1852264:1852393 [3] NCCL INFO Connected all trees
gammagpu11:1852264:1852393 [3] NCCL INFO threadThresholds 8/8/64 | 32/8/64 | 512 | 512
gammagpu11:1852264:1852393 [3] NCCL INFO 4 coll channels, 0 collnet channels, 0 nvls channels, 4 p2p channels, 2 p2p channels per peer
gammagpu11:1852261:1852390 [0] NCCL INFO Connected all trees
gammagpu11:1852261:1852390 [0] NCCL INFO threadThresholds 8/8/64 | 32/8/64 | 512 | 512
gammagpu11:1852261:1852390 [0] NCCL INFO 4 coll channels, 0 collnet channels, 0 nvls channels, 4 p2p channels, 2 p2p channels per peer
gammagpu11:1852263:1852392 [2] NCCL INFO Connected all trees
gammagpu11:1852263:1852392 [2] NCCL INFO threadThresholds 8/8/64 | 32/8/64 | 512 | 512
gammagpu11:1852263:1852392 [2] NCCL INFO 4 coll channels, 0 collnet channels, 0 nvls channels, 4 p2p channels, 2 p2p channels per peer
gammagpu11:1852262:1852391 [1] NCCL INFO Connected all trees
gammagpu11:1852262:1852391 [1] NCCL INFO threadThresholds 8/8/64 | 32/8/64 | 512 | 512
gammagpu11:1852262:1852391 [1] NCCL INFO 4 coll channels, 0 collnet channels, 0 nvls channels, 4 p2p channels, 2 p2p channels per peer
gammagpu11:1852264:1852393 [3] NCCL INFO comm 0x55e1d446d780 rank 3 nranks 4 cudaDev 3 nvmlDev 3 busId c1000 commId 0x8597639696a2296 - Init COMPLETE
gammagpu11:1852262:1852391 [1] NCCL INFO comm 0x55db09baad00 rank 1 nranks 4 cudaDev 1 nvmlDev 1 busId 41000 commId 0x8597639696a2296 - Init COMPLETE
gammagpu11:1852263:1852392 [2] NCCL INFO comm 0x558b0c0ca400 rank 2 nranks 4 cudaDev 2 nvmlDev 2 busId 81000 commId 0x8597639696a2296 - Init COMPLETE
gammagpu11:1852261:1852390 [0] NCCL INFO comm 0x55f743292e00 rank 0 nranks 4 cudaDev 0 nvmlDev 0 busId 1000 commId 0x8597639696a2296 - Init COMPLETE
wandb: Tracking run with wandb version 0.17.8
wandb: Run data is saved locally in /fs/nexus-scratch/sjxu/svd-temporal-controlnet/wandb/run-20241211_024918-enufou9d
wandb: Run `wandb offline` to turn off syncing.
wandb: Syncing run ethereal-flower-174
wandb: ⭐️ View project at https://wandb.ai/sjxu_gamma/SVD_Con_Mul
wandb: 🚀 View run at https://wandb.ai/sjxu_gamma/SVD_Con_Mul/runs/enufou9d
INFO:__main__:***** Running training *****
INFO:__main__:  Num examples = 4728
INFO:__main__:  Num Epochs = 120
INFO:__main__:  Instantaneous batch size per device = 1
INFO:__main__:  Total train batch size (w. parallel, distributed & accumulation) = 64
INFO:__main__:  Gradient Accumulation steps = 16
INFO:__main__:  Total optimization steps = 8880
  0%|          | 0/8880 [00:00<?, ?it/s]Steps:   0%|          | 0/8880 [00:00<?, ?it/s]Steps:   0%|          | 0/8880 [00:10<?, ?it/s, lr=0.0001, step_loss=0.0657]Steps:   0%|          | 0/8880 [00:11<?, ?it/s, lr=0.0001, step_loss=0.0863]Steps:   0%|          | 0/8880 [00:12<?, ?it/s, lr=0.0001, step_loss=0.041] Steps:   0%|          | 0/8880 [00:13<?, ?it/s, lr=0.0001, step_loss=0.108]Steps:   0%|          | 0/8880 [00:15<?, ?it/s, lr=0.0001, step_loss=0.612]Steps:   0%|          | 0/8880 [00:16<?, ?it/s, lr=0.0001, step_loss=0.0537]Steps:   0%|          | 0/8880 [00:18<?, ?it/s, lr=0.0001, step_loss=0.0639]Steps:   0%|          | 0/8880 [00:19<?, ?it/s, lr=0.0001, step_loss=0.0638]Steps:   0%|          | 0/8880 [00:20<?, ?it/s, lr=0.0001, step_loss=0.0524]Steps:   0%|          | 0/8880 [00:22<?, ?it/s, lr=0.0001, step_loss=0.0506]Steps:   0%|          | 0/8880 [00:23<?, ?it/s, lr=0.0001, step_loss=0.158] Steps:   0%|          | 0/8880 [00:24<?, ?it/s, lr=0.0001, step_loss=0.109]Steps:   0%|          | 0/8880 [00:26<?, ?it/s, lr=0.0001, step_loss=0.0616]Steps:   0%|          | 0/8880 [00:27<?, ?it/s, lr=0.0001, step_loss=0.065] Steps:   0%|          | 0/8880 [00:28<?, ?it/s, lr=0.0001, step_loss=0.988][rank2]:[W1211 02:49:50.461059004 reducer.cpp:1400] Warning: find_unused_parameters=True was specified in DDP constructor, but did not find any unused parameters in the forward pass. This flag results in an extra traversal of the autograd graph every iteration,  which can adversely affect performance. If your model indeed never has any unused parameters in the forward pass, consider turning this flag off. Note that this warning may be a false positive if your model has flow control causing later iterations to have unused parameters. (function operator())
[rank0]:[W1211 02:49:50.500681795 reducer.cpp:1400] Warning: find_unused_parameters=True was specified in DDP constructor, but did not find any unused parameters in the forward pass. This flag results in an extra traversal of the autograd graph every iteration,  which can adversely affect performance. If your model indeed never has any unused parameters in the forward pass, consider turning this flag off. Note that this warning may be a false positive if your model has flow control causing later iterations to have unused parameters. (function operator())
[rank1]:[W1211 02:49:50.507976535 reducer.cpp:1400] Warning: find_unused_parameters=True was specified in DDP constructor, but did not find any unused parameters in the forward pass. This flag results in an extra traversal of the autograd graph every iteration,  which can adversely affect performance. If your model indeed never has any unused parameters in the forward pass, consider turning this flag off. Note that this warning may be a false positive if your model has flow control causing later iterations to have unused parameters. (function operator())
[rank3]:[W1211 02:49:50.588377842 reducer.cpp:1400] Warning: find_unused_parameters=True was specified in DDP constructor, but did not find any unused parameters in the forward pass. This flag results in an extra traversal of the autograd graph every iteration,  which can adversely affect performance. If your model indeed never has any unused parameters in the forward pass, consider turning this flag off. Note that this warning may be a false positive if your model has flow control causing later iterations to have unused parameters. (function operator())
Steps:   0%|          | 1/8880 [00:30<75:31:41, 30.62s/it, lr=0.0001, step_loss=0.988]INFO:__main__:Running validation... 
 Generating 1 videos.
{'controlnet', 'insert_light'} was not found in config. Values will be initialized to default values.

Loading pipeline components...:   0%|          | 0/5 [00:00<?, ?it/s][A{'rescale_betas_zero_snr', 'final_sigmas_type'} was not found in config. Values will be initialized to default values.
Loaded scheduler as EulerDiscreteScheduler from `scheduler` subfolder of stabilityai/stable-video-diffusion-img2vid.
Loaded feature_extractor as CLIPImageProcessor from `feature_extractor` subfolder of stabilityai/stable-video-diffusion-img2vid.
Loading pipeline components...: 100%|██████████| 5/5 [00:00<00:00, 315.91it/s]
(512, 512, 3) (512, 512, 1)
(512, 512, 3) (512, 512, 1)
(512, 512, 3) (512, 512, 1)
(512, 512, 3) (512, 512, 1)
(512, 512, 3) (512, 512, 1)
(512, 512, 3) (512, 512, 1)
